2026-06-13T15:11:20.808+07:00  INFO 27076 --- [JobPlatformSystem] [restartedMain] c.e.j.JobPlatformSystemApplication       : Starting JobPlatformSystemApplication using Java 21.0.9 with PID 27076 (C:\code\Java-WebService\JobPlatformSystem\build\classes\java\main started by admin in C:\code\Java-WebService\JobPlatformSystem)
2026-06-13T15:11:20.817+07:00  INFO 27076 --- [JobPlatformSystem] [restartedMain] c.e.j.JobPlatformSystemApplication       : No active profile set, falling back to 1 default profile: "default"
2026-06-13T15:11:20.870+07:00  INFO 27076 --- [JobPlatformSystem] [restartedMain] .e.DevToolsPropertyDefaultsPostProcessor : Devtools property defaults active! Set 'spring.devtools.add-properties' to 'false' to disable
2026-06-13T15:11:20.870+07:00  INFO 27076 --- [JobPlatformSystem] [restartedMain] .e.DevToolsPropertyDefaultsPostProcessor : For additional web related logging consider setting the 'logging.level.web' property to 'DEBUG'
2026-06-13T15:11:21.828+07:00  INFO 27076 --- [JobPlatformSystem] [restartedMain] .s.d.r.c.RepositoryConfigurationDelegate : Multiple Spring Data modules found, entering strict repository configuration mode
2026-06-13T15:11:21.830+07:00  INFO 27076 --- [JobPlatformSystem] [restartedMain] .s.d.r.c.RepositoryConfigurationDelegate : Bootstrapping Spring Data JPA repositories in DEFAULT mode.
2026-06-13T15:11:22.048+07:00  INFO 27076 --- [JobPlatformSystem] [restartedMain] .s.d.r.c.RepositoryConfigurationDelegate : Finished Spring Data repository scanning in 200 ms. Found 4 JPA repository interfaces.
2026-06-13T15:11:22.105+07:00  INFO 27076 --- [JobPlatformSystem] [restartedMain] .s.d.r.c.RepositoryConfigurationDelegate : Multiple Spring Data modules found, entering strict repository configuration mode
2026-06-13T15:11:22.107+07:00  INFO 27076 --- [JobPlatformSystem] [restartedMain] .s.d.r.c.RepositoryConfigurationDelegate : Bootstrapping Spring Data Redis repositories in DEFAULT mode.
2026-06-13T15:11:22.138+07:00  INFO 27076 --- [JobPlatformSystem] [restartedMain] .RepositoryConfigurationExtensionSupport : Spring Data Redis - Could not safely identify store assignment for repository candidate interface com.example.jobplatformsystem.repository.ApplicationRepository; If you want this repository to be a Redis repository, consider annotating your entities with one of these annotations: org.springframework.data.redis.core.RedisHash (preferred), or consider extending one of the following types with your repository: org.springframework.data.keyvalue.repository.KeyValueRepository
2026-06-13T15:11:22.139+07:00  INFO 27076 --- [JobPlatformSystem] [restartedMain] .RepositoryConfigurationExtensionSupport : Spring Data Redis - Could not safely identify store assignment for repository candidate interface com.example.jobplatformsystem.repository.JobRepository; If you want this repository to be a Redis repository, consider annotating your entities with one of these annotations: org.springframework.data.redis.core.RedisHash (preferred), or consider extending one of the following types with your repository: org.springframework.data.keyvalue.repository.KeyValueRepository
2026-06-13T15:11:22.139+07:00  INFO 27076 --- [JobPlatformSystem] [restartedMain] .RepositoryConfigurationExtensionSupport : Spring Data Redis - Could not safely identify store assignment for repository candidate interface com.example.jobplatformsystem.repository.RefreshTokenRepository; If you want this repository to be a Redis repository, consider annotating your entities with one of these annotations: org.springframework.data.redis.core.RedisHash (preferred), or consider extending one of the following types with your repository: org.springframework.data.keyvalue.repository.KeyValueRepository
2026-06-13T15:11:22.139+07:00  INFO 27076 --- [JobPlatformSystem] [restartedMain] .RepositoryConfigurationExtensionSupport : Spring Data Redis - Could not safely identify store assignment for repository candidate interface com.example.jobplatformsystem.repository.UserRepository; If you want this repository to be a Redis repository, consider annotating your entities with one of these annotations: org.springframework.data.redis.core.RedisHash (preferred), or consider extending one of the following types with your repository: org.springframework.data.keyvalue.repository.KeyValueRepository
2026-06-13T15:11:22.139+07:00  INFO 27076 --- [JobPlatformSystem] [restartedMain] .s.d.r.c.RepositoryConfigurationDelegate : Finished Spring Data repository scanning in 14 ms. Found 0 Redis repository interfaces.
2026-06-13T15:11:23.756+07:00  INFO 27076 --- [JobPlatformSystem] [restartedMain] o.s.boot.tomcat.TomcatWebServer          : Tomcat initialized with port 8085 (http)
2026-06-13T15:11:23.782+07:00  INFO 27076 --- [JobPlatformSystem] [restartedMain] o.apache.catalina.core.StandardService   : Starting service [Tomcat]
2026-06-13T15:11:23.782+07:00  INFO 27076 --- [JobPlatformSystem] [restartedMain] o.apache.catalina.core.StandardEngine    : Starting Servlet engine: [Apache Tomcat/11.0.21]
2026-06-13T15:11:23.875+07:00  INFO 27076 --- [JobPlatformSystem] [restartedMain] b.w.c.s.WebApplicationContextInitializer : Root WebApplicationContext: initialization completed in 3005 ms
2026-06-13T15:11:24.400+07:00  INFO 27076 --- [JobPlatformSystem] [restartedMain] org.hibernate.orm.jpa                    : HHH008540: Processing PersistenceUnitInfo [name: default]
2026-06-13T15:11:24.618+07:00  INFO 27076 --- [JobPlatformSystem] [restartedMain] org.hibernate.orm.core                   : HHH000001: Hibernate ORM core version 7.2.12.Final
2026-06-13T15:11:25.327+07:00  INFO 27076 --- [JobPlatformSystem] [restartedMain] o.s.o.j.p.SpringPersistenceUnitInfo      : No LoadTimeWeaver setup: ignoring JPA class transformer
2026-06-13T15:11:25.386+07:00  INFO 27076 --- [JobPlatformSystem] [restartedMain] com.zaxxer.hikari.HikariDataSource       : HikariPool-1 - Starting...
2026-06-13T15:11:25.891+07:00  INFO 27076 --- [JobPlatformSystem] [restartedMain] com.zaxxer.hikari.pool.HikariPool        : HikariPool-1 - Added connection com.mysql.cj.jdbc.ConnectionImpl@77d1e3f9
2026-06-13T15:11:25.891+07:00  INFO 27076 --- [JobPlatformSystem] [restartedMain] com.zaxxer.hikari.HikariDataSource       : HikariPool-1 - Start completed.
2026-06-13T15:11:26.017+07:00  INFO 27076 --- [JobPlatformSystem] [restartedMain] org.hibernate.orm.connections.pooling    : HHH10001005: Database info:
	Database JDBC URL [jdbc:mysql://localhost:3306/job_platform_system]
	Database driver: MySQL Connector/J
	Database dialect: MySQLDialect
	Database version: 8.0.44
	Default catalog/schema: job_platform_system/undefined
	Autocommit mode: undefined/unknown
	Isolation level: REPEATABLE_READ [default REPEATABLE_READ]
	JDBC fetch size: none
	Pool: DataSourceConnectionProvider
	Minimum pool size: undefined/unknown
	Maximum pool size: undefined/unknown
2026-06-13T15:11:27.294+07:00  INFO 27076 --- [JobPlatformSystem] [restartedMain] org.hibernate.orm.core                   : HHH000489: No JTA platform available (set 'hibernate.transaction.jta.platform' to enable JTA platform integration)
2026-06-13T15:11:27.420+07:00  INFO 27076 --- [JobPlatformSystem] [restartedMain] j.LocalContainerEntityManagerFactoryBean : Initialized JPA EntityManagerFactory for persistence unit 'default'
2026-06-13T15:11:27.551+07:00  INFO 27076 --- [JobPlatformSystem] [restartedMain] o.s.d.j.r.query.QueryEnhancerFactories   : Hibernate is in classpath; If applicable, HQL parser will be used.
2026-06-13T15:11:27.941+07:00  INFO 27076 --- [JobPlatformSystem] [restartedMain] r$InitializeUserDetailsManagerConfigurer : Global AuthenticationManager configured with UserDetailsService bean with name customUserDetailsService
2026-06-13T15:11:28.019+07:00  WARN 27076 --- [JobPlatformSystem] [restartedMain] JpaBaseConfiguration$JpaWebConfiguration : spring.jpa.open-in-view is enabled by default. Therefore, database queries may be performed during view rendering. Explicitly configure spring.jpa.open-in-view to disable this warning
2026-06-13T15:11:28.258+07:00 DEBUG 27076 --- [JobPlatformSystem] [restartedMain] o.s.s.web.DefaultSecurityFilterChain     : Will secure any request with filters: DisableEncodeUrlFilter, WebAsyncManagerIntegrationFilter, SecurityContextHolderFilter, HeaderWriterFilter, LogoutFilter, JwtAuthenticationFilter, RequestCacheAwareFilter, SecurityContextHolderAwareRequestFilter, AnonymousAuthenticationFilter, ExceptionTranslationFilter, AuthorizationFilter
2026-06-13T15:11:29.080+07:00  INFO 27076 --- [JobPlatformSystem] [restartedMain] o.s.boot.tomcat.TomcatWebServer          : Tomcat started on port 8085 (http) with context path '/'
2026-06-13T15:11:29.082+07:00  INFO 27076 --- [JobPlatformSystem] [restartedMain] c.e.j.JobPlatformSystemApplication       : Started JobPlatformSystemApplication in 8.947 seconds (process running for 9.705)
2026-06-13T15:11:35.031+07:00  INFO 27076 --- [JobPlatformSystem] [http-nio-8085-exec-2] o.a.c.c.C.[Tomcat].[localhost].[/]       : Initializing Spring DispatcherServlet 'dispatcherServlet'
2026-06-13T15:11:35.031+07:00  INFO 27076 --- [JobPlatformSystem] [http-nio-8085-exec-2] o.s.web.servlet.DispatcherServlet        : Initializing Servlet 'dispatcherServlet'
2026-06-13T15:11:35.036+07:00  INFO 27076 --- [JobPlatformSystem] [http-nio-8085-exec-2] o.s.web.servlet.DispatcherServlet        : Completed initialization in 5 ms
2026-06-13T15:11:35.051+07:00 DEBUG 27076 --- [JobPlatformSystem] [http-nio-8085-exec-2] o.s.security.web.FilterChainProxy        : Securing POST /api/v1/auth/register
2026-06-13T15:11:35.072+07:00 DEBUG 27076 --- [JobPlatformSystem] [http-nio-8085-exec-2] o.s.security.web.FilterChainProxy        : Secured POST /api/v1/auth/register
2026-06-13T15:11:36.980+07:00  INFO 27076 --- [JobPlatformSystem] [http-nio-8085-exec-2] c.e.j.aspect.LoggingAspect               : UserServiceImpl.register executed in 1574 ms
2026-06-13T15:11:36.987+07:00  INFO 27076 --- [JobPlatformSystem] [http-nio-8085-exec-2] c.e.j.aspect.LoggingAspect               : AuthController.register executed in 1585 ms
2026-06-13T15:11:37.063+07:00 DEBUG 27076 --- [JobPlatformSystem] [http-nio-8085-exec-2] o.s.s.w.a.AnonymousAuthenticationFilter  : Set SecurityContextHolder to anonymous SecurityContext
